// Jest Snapshot v1, https://goo.gl/fbAQLP

exports[`Routes should render without breaking 1`] = `
<BrowserRouter>
  <Switch>
    <Route
      exact={true}
      path="/"
    >
      <PokemonPage />
    </Route>
    <Route
      path="/pokemon-details"
    >
      <PokemonDetailsPage />
    </Route>
  </Switch>
</BrowserRouter>
`;
